[INFO] Imputed whitelisted missing asset: Jordyn Tyson (Turbo Llamas)
[PRE-FLIGHT SUCCESS] 1255 Projections Validated.
both trades applied cleanly

[>>>] EXECUTING 6 INDEPENDENT BATCHES (1,800 TOTAL RUNS)...
[SUCCESS] Markov simulation resolved across all batches. Rendering visual telemetry...

[>>>] EXECUTING 6 INDEPENDENT BATCHES (1,800 TOTAL RUNS)...
[SUCCESS] Markov simulation resolved across all batches. Rendering visual telemetry...

=== POST-TRADE LEAGUE ===
team                        champ%   (chg)  playoff%   (chg)  exp W  lineupVORP  holes  belowRep
Legion of Coom                38.2    +0.6      96.4    +0.6  20.45        57.1      0         0
Cuyahoga Falls Clankers       21.8    +1.2      89.6    +3.1  18.29        42.1      0         3
Drunk Racist Cats             16.3    +0.9      64.0    -0.5  15.12        30.5      0         3
The Year of Jarvis            12.0    -0.6      65.8    +4.3  15.08        39.9      0         2
Canton Killers                 4.1    -0.7      28.6    -2.1  11.65        30.8      0         1
The Glutton                    3.1    -2.2      23.4    -6.9  11.05        19.7      0         5
Femboy Cats                    2.8    +0.3      22.9    +0.9  11.30        21.4      1         2
Autodraft Wine Drinkers        1.8    +0.5       9.3    +0.6   9.05        34.1      1         0

=== WHAT THE TRADES DID (post minus pre) ===
  Cuyahoga Falls Clankers    champ  20.7 ->  21.8 (+1.2)   exp wins 18.17 -> 18.29 (+0.12)   VORP  42.1 ->  42.1
  Drunk Racist Cats          champ  15.4 ->  16.3 (+0.9)   exp wins 15.18 -> 15.12 (-0.05)   VORP  30.5 ->  30.5
  Legion of Coom             champ  37.6 ->  38.2 (+0.6)   exp wins 19.98 -> 20.45 (+0.47)   VORP  55.1 ->  57.1
  Autodraft Wine Drinkers    champ   1.3 ->   1.8 (+0.5)   exp wins  8.80 ->  9.05 (+0.25)   VORP  34.1 ->  34.1
  Femboy Cats                champ   2.6 ->   2.8 (+0.3)   exp wins 11.21 -> 11.30 (+0.10)   VORP  21.4 ->  21.4
  The Year of Jarvis         champ  12.6 ->  12.0 (-0.6)   exp wins 15.01 -> 15.08 (+0.07)   VORP  39.9 ->  39.9
  Canton Killers             champ   4.8 ->   4.1 (-0.7)   exp wins 11.82 -> 11.65 (-0.18)   VORP  30.8 ->  30.8
  The Glutton                champ   5.2 ->   3.1 (-2.2)   exp wins 11.82 -> 11.05 (-0.77)   VORP  21.7 ->  19.7

=== GRADE DETAIL, post-trade ===
  Legion of Coom             lineupVORP   57.1  depth   2.9  optimal  200.2  tier1   3  holes 0  belowRep 0
  Cuyahoga Falls Clankers    lineupVORP   42.1  depth   0.0  optimal  181.9  tier1   3  holes 0  belowRep 3
  Drunk Racist Cats          lineupVORP   30.5  depth   7.5  optimal  179.5  tier1   3  holes 0  belowRep 3
  The Year of Jarvis         lineupVORP   39.9  depth   0.0  optimal  180.0  tier1   4  holes 0  belowRep 2
  Canton Killers             lineupVORP   30.8  depth   1.1  optimal  170.8  tier1   1  holes 0  belowRep 1
  The Glutton                lineupVORP   19.7  depth   1.9  optimal  164.2  tier1   2  holes 0  belowRep 5
  Femboy Cats                lineupVORP   21.4  depth   1.2  optimal  156.7  tier1   1  holes 1  belowRep 2
  Autodraft Wine Drinkers    lineupVORP   34.1  depth   0.0  optimal  169.9  tier1   4  holes 1  belowRep 0
