[INFO] Imputed whitelisted missing asset: Jordyn Tyson (Turbo Llamas)
[PRE-FLIGHT SUCCESS] 1272 Projections Validated.

Quantum Ferrets -- week 3   FAAB remaining 82 (league avg 80)
  holes this week: ['QB']   next week: ['QB']
   # szn# player                     pos  tier szn mean szn VORP WK MEAN   p10   p50   p90  zero fills     bid model  v2 range  incumbent / P(beats)
   1    1 Patrick Mahomes            QB      2     22.7     +4.5    28.9  12.2  27.0  49.2    6% hole       12   2.7       3-5  
   2    2 Bryce Young                QB      2     22.0     +3.8    20.4   9.1  19.3  33.8    6% hole       10   2.7       2-4  
   3    3 Tyler Shough               QB      2     20.3     +2.2    19.7   8.4  18.3  33.6    6% hole        6   2.7       1-3  
   4    4 Jordan Love                QB      3     17.7     -0.5    18.1   6.7  16.2  32.3    5% hole        1   2.7       1-1  
   5    8 Drew Lock                  QB      4     16.2     -2.0    17.2   6.0  14.9  32.0    5% hole        1   2.7       1-1  
   6    5 C.J. Stroud                QB      3     16.8     -1.4    16.1   5.7  14.5  28.8    5% hole        1   2.7       1-1  
   7    6 Matthew Stafford           QB      3     16.8     -1.4    15.9   5.2  13.8  28.7    5% hole        1   2.7       1-1  
   8    7 Kirk Cousins               QB      4     16.3     -1.9    14.2   5.4  12.7  25.5    6% hole        1   2.7       1-1  
   9    9 Deshaun Watson             QB      4     15.7     -2.5    13.4   4.9  11.8  23.5    5% hole        1   2.7       1-1  
  10   14 Geno Smith                 QB      5     14.1     -4.1    13.1   3.6  11.1  24.9    6% hole        1   2.7       1-1  
  11   11 Bo Nix                     QB      4     14.6     -3.5    12.9   4.0  11.0  23.9    5% hole        1   2.7       1-1  
  12   10 Malik Willis               QB      4     15.6     -2.6    12.7   4.2  11.0  23.9    5% hole        1   2.7       1-1  
  13   16 Jacoby Brissett            QB      5     13.6     -4.6    12.5   3.7  10.3  23.8    5% hole        1   2.7       1-1  
  14   17 Jameis Winston             QB      5     13.4     -4.8    12.3   3.0  10.1  24.0    6% hole        1   2.7       1-1  
  15   12 Baker Mayfield             QB      4     14.4     -3.8    12.3   3.3  10.4  23.8    6% hole        1   2.7       1-1  
  BIDS: UNVERIFIED value heuristic (see suggest_bid); the model bid is what a typical manager would pay. v2 (see suggest_bid_v2) prices the MARGIN over the fallback against actual competition. NEITHER is validated: measured on the 26 logged 2026 claims, the correlation between a player's VORP and his winning bid is -0.136 -- this league does not bid on model value, so no VORP-based rule can be scored against these prices. B14's ledger is the only thing that will settle it.
  RANKED BY WK MEAN -- the week the claim lands in. szn#/szn mean/szn VORP are SEASON-level (no matchup, no Vegas total): they decide which players are worth sampling, not which to claim. A row whose # is far above its szn# is a matchup play, not an asset.
  bid = UNVERIFIED value heuristic (suggest_bid); model = what the engine simulates a typical manager paying.
  * P(beats incumbent): sampled independently from baseline parameters: no copula (same-NFL-team correlation with the incumbent is lost), no contingency points.
  logged -> data\decisions\week_03\archive\waivers_20260923T120559Z_week3.json
